// Jest Snapshot v1, https://goo.gl/fbAQLP

exports[`TimeScale renders correctly 1`] = `
<thead>
  <tr>
    <th
      className="timeSlot"
    />
    <th
      className="timeSlot"
      data-item="timeSlot-0"
      key="00:00"
    >
      <section
        className="timeValue"
      >
        00:00
      </section>
      <section
        className="timeTick"
      />
    </th>
    <th
      className="timeSlot"
      data-item="timeSlot-1"
      key="01:00"
    >
      <section
        className="timeValue"
      >
        01:00
      </section>
      <section
        className="timeTick"
      />
    </th>
    <th
      className="timeSlot"
      data-item="timeSlot-2"
      key="02:00"
    >
      <section
        className="timeValue"
      >
        02:00
      </section>
      <section
        className="timeTick"
      />
    </th>
    <th
      className="timeSlot"
      data-item="timeSlot-3"
      key="03:00"
    >
      <section
        className="timeValue"
      >
        03:00
      </section>
      <section
        className="timeTick"
      />
    </th>
    <th
      className="timeSlot"
      data-item="timeSlot-4"
      key="04:00"
    >
      <section
        className="timeValue"
      >
        04:00
      </section>
      <section
        className="timeTick"
      />
    </th>
    <th
      className="timeSlot"
      data-item="timeSlot-5"
      key="05:00"
    >
      <section
        className="timeValue"
      >
        05:00
      </section>
      <section
        className="timeTick"
      />
    </th>
    <th
      className="timeSlot"
      data-item="timeSlot-6"
      key="06:00"
    >
      <section
        className="timeValue"
      >
        06:00
      </section>
      <section
        className="timeTick"
      />
    </th>
    <th
      className="timeSlot"
      data-item="timeSlot-7"
      key="07:00"
    >
      <section
        className="timeValue"
      >
        07:00
      </section>
      <section
        className="timeTick"
      />
    </th>
    <th
      className="timeSlot"
      data-item="timeSlot-8"
      key="08:00"
    >
      <section
        className="timeValue"
      >
        08:00
      </section>
      <section
        className="timeTick"
      />
    </th>
    <th
      className="timeSlot"
      data-item="timeSlot-9"
      key="09:00"
    >
      <section
        className="timeValue"
      >
        09:00
      </section>
      <section
        className="timeTick"
      />
    </th>
    <th
      className="timeSlot"
      data-item="timeSlot-10"
      key="10:00"
    >
      <section
        className="timeValue"
      >
        10:00
      </section>
      <section
        className="timeTick"
      />
    </th>
    <th
      className="timeSlot"
      data-item="timeSlot-11"
      key="11:00"
    >
      <section
        className="timeValue"
      >
        11:00
      </section>
      <section
        className="timeTick"
      />
    </th>
    <th
      className="timeSlot"
      data-item="timeSlot-12"
      key="12:00"
    >
      <section
        className="timeValue"
      >
        12:00
      </section>
      <section
        className="timeTick"
      />
    </th>
    <th
      className="timeSlot"
      data-item="timeSlot-13"
      key="13:00"
    >
      <section
        className="timeValue"
      >
        13:00
      </section>
      <section
        className="timeTick"
      />
    </th>
    <th
      className="timeSlot"
      data-item="timeSlot-14"
      key="14:00"
    >
      <section
        className="timeValue"
      >
        14:00
      </section>
      <section
        className="timeTick"
      />
    </th>
    <th
      className="timeSlot"
      data-item="timeSlot-15"
      key="15:00"
    >
      <section
        className="timeValue"
      >
        15:00
      </section>
      <section
        className="timeTick"
      />
    </th>
    <th
      className="timeSlot"
      data-item="timeSlot-16"
      key="16:00"
    >
      <section
        className="timeValue"
      >
        16:00
      </section>
      <section
        className="timeTick"
      />
    </th>
    <th
      className="timeSlot"
      data-item="timeSlot-17"
      key="17:00"
    >
      <section
        className="timeValue"
      >
        17:00
      </section>
      <section
        className="timeTick"
      />
    </th>
    <th
      className="timeSlot"
      data-item="timeSlot-18"
      key="18:00"
    >
      <section
        className="timeValue"
      >
        18:00
      </section>
      <section
        className="timeTick"
      />
      <section
        className="timeStamp__header"
        data-item="timeStamp__header"
        style={
          Object {
            "left": 56,
          }
        }
      />
      <section
        className="timeStamp__body"
        data-item="timeStamp__body"
        style={
          Object {
            "left": 59,
          }
        }
      />
    </th>
    <th
      className="timeSlot"
      data-item="timeSlot-19"
      key="19:00"
    >
      <section
        className="timeValue"
      >
        19:00
      </section>
      <section
        className="timeTick"
      />
    </th>
    <th
      className="timeSlot"
      data-item="timeSlot-20"
      key="20:00"
    >
      <section
        className="timeValue"
      >
        20:00
      </section>
      <section
        className="timeTick"
      />
    </th>
    <th
      className="timeSlot"
      data-item="timeSlot-21"
      key="21:00"
    >
      <section
        className="timeValue"
      >
        21:00
      </section>
      <section
        className="timeTick"
      />
    </th>
    <th
      className="timeSlot"
      data-item="timeSlot-22"
      key="22:00"
    >
      <section
        className="timeValue"
      >
        22:00
      </section>
      <section
        className="timeTick"
      />
    </th>
    <th
      className="timeSlot"
      data-item="timeSlot-23"
      key="23:00"
    >
      <section
        className="timeValue"
      >
        23:00
      </section>
      <section
        className="timeTick"
      />
    </th>
  </tr>
</thead>
`;
