// Jest Snapshot v1, https://goo.gl/fbAQLP

exports[`NowButton button fire an action by clicking 1`] = `
<Button
  className="container"
  onClick={
    [MockFunction] {
      "calls": Array [
        Array [],
      ],
      "results": Array [
        Object {
          "type": "return",
          "value": undefined,
        },
      ],
    }
  }
>
  NOW
</Button>
`;
